// Jest Snapshot v1, https://goo.gl/fbAQLP

exports[`Test suits for Menu should match with snapshot 1`] = `
<aside
  className="menu"
>
  <div
    className="top-group"
  >
    <div
      className="logo-field"
    >
      <img
        alt="RS Lang"
        src="./images/logo_white.png"
      />
    </div>
    <nav>
      <ul
        className="menu__list"
      >
        <li
          className="menu__item"
        >
          <a
            href="/textbook"
            onClick={[Function]}
          >
            <img
              alt="textbook"
              className="icon"
              src="./images/textbook_icon.png"
            />
          </a>
        </li>
        <li
          className="menu__item"
        >
          <a
            href="/stats"
            onClick={[Function]}
          >
            <img
              alt="stats"
              className="icon"
              src="./images/stats_icon.png"
            />
          </a>
        </li>
        <li
          className="menu__item"
        >
          <a
            href="/sprint"
            onClick={[Function]}
          >
            <img
              alt="sprint"
              className="icon"
              src="./images/game_icon.png"
            />
          </a>
        </li>
        <li
          className="menu__item"
        >
          <a
            href="/savannah"
            onClick={[Function]}
          >
            <img
              alt="savannah"
              className="icon"
              src="./images/game_icon.png"
            />
          </a>
        </li>
        <li
          className="menu__item"
        >
          <a
            href="/find-pair"
            onClick={[Function]}
          >
            <img
              alt="find-pair"
              className="icon"
              src="./images/game_icon.png"
            />
          </a>
        </li>
        <li
          className="menu__item"
        >
          <a
            href="/audiocall"
            onClick={[Function]}
          >
            <img
              alt="audiocall"
              className="icon"
              src="./images/game_icon.png"
            />
          </a>
        </li>
      </ul>
    </nav>
  </div>
  <div
    className="down-group"
  >
    <a
      href="/audiocall"
      onClick={[Function]}
    >
      <img
        alt="setting"
        className="icon"
        src="./images/settings_icon.png"
      />
    </a>
  </div>
</aside>
`;
